../tensorflow/lite/core/api/flatbuffer_conversions.cc:126:15:TfLitePadding tflite::{anonymous}::ConvertPadding(tflite::Padding)	0	static
../tensorflow/lite/core/api/flatbuffer_conversions.cc:57:21:tflite::{anonymous}::SafeBuiltinDataAllocator::BuiltinDataPtr<T> tflite::{anonymous}::SafeBuiltinDataAllocator::Allocate() [with T = TfLiteRandomParams]	16	static
../tensorflow/lite/core/api/flatbuffer_conversions.cc:68:6:void tflite::{anonymous}::CheckParsePointerParams(const tflite::Operator*, tflite::ErrorReporter*, tflite::BuiltinDataAllocator*, void**)	8	static
../tensorflow/lite/core/api/flatbuffer_conversions.cc:81:21:TfLiteStatus tflite::{anonymous}::FlatBufferIntVectorToArray(int, const flatbuffers::Vector<U>*, DataType*, tflite::ErrorReporter*, const char*) [with DataType = long long int]	24	static
../tensorflow/lite/core/api/flatbuffer_conversions.cc:81:21:TfLiteStatus tflite::{anonymous}::FlatBufferIntVectorToArray(int, const flatbuffers::Vector<U>*, DataType*, tflite::ErrorReporter*, const char*) [with DataType = long int]	16	static
../tensorflow/lite/core/api/flatbuffer_conversions.cc:44:10:void tflite::{anonymous}::SafeBuiltinDataAllocator::BuiltinDataDeleter::operator()(void*)	0	static
C:\ST\STM32CubeIDE_1.19.0\STM32CubeIDE\plugins\com.st.stm32cube.ide.mcu.externaltools.gnu-tools-for-stm32.13.3.rel1.win32_1.0.0.202411081344\tools\bin/../lib/gcc/arm-none-eabi/13.3.1/../../../../arm-none-eabi/include/c++/13.3.1/bits/unique_ptr.h:398:7:std::unique_ptr<_Tp, _Dp>::~unique_ptr() [with _Tp = TfLiteRandomParams; _Dp = tflite::{anonymous}::SafeBuiltinDataAllocator::BuiltinDataDeleter]	0	static
C:/Users/Kerem/STM32CubeIDE/workspace_1.19.0/HW6/third_party/flatbuffers/include/flatbuffers/table.h:35:13:flatbuffers::voffset_t flatbuffers::Table::GetOptionalFieldOffset(flatbuffers::voffset_t) const	0	static
C:/Users/Kerem/STM32CubeIDE/workspace_1.19.0/HW6/tensorflow/lite/schema/schema_generated.h:13852:11:int64_t tflite::RandomOptions::seed() const	8	static
C:/Users/Kerem/STM32CubeIDE/workspace_1.19.0/HW6/tensorflow/lite/schema/schema_generated.h:13855:11:int64_t tflite::RandomOptions::seed2() const	8	static
C:/Users/Kerem/STM32CubeIDE/workspace_1.19.0/HW6/tensorflow/lite/schema/schema_generated.h:14643:15:const void* tflite::Operator::builtin_options() const	8	static
C:/Users/Kerem/STM32CubeIDE/workspace_1.19.0/HW6/tensorflow/lite/schema/schema_generated.h:15046:15:const void* tflite::Operator::builtin_options_2() const	8	static
../tensorflow/lite/core/api/flatbuffer_conversions.cc:1008:14:TfLiteStatus tflite::ConvertTensorType(TensorType, TfLiteType*, ErrorReporter*)	8	static
../tensorflow/lite/core/api/flatbuffer_conversions.cc:1076:14:TfLiteStatus tflite::ParseAbs(const Operator*, ErrorReporter*, BuiltinDataAllocator*, void**)	0	static
../tensorflow/lite/core/api/flatbuffer_conversions.cc:1106:14:TfLiteStatus tflite::ParseAddN(const Operator*, ErrorReporter*, BuiltinDataAllocator*, void**)	0	static
../tensorflow/lite/core/api/flatbuffer_conversions.cc:1164:14:TfLiteStatus tflite::ParseAssignVariable(const Operator*, ErrorReporter*, BuiltinDataAllocator*, void**)	0	static
../tensorflow/lite/core/api/flatbuffer_conversions.cc:1193:14:TfLiteStatus tflite::ParseBatchToSpaceNd(const Operator*, ErrorReporter*, BuiltinDataAllocator*, void**)	0	static
../tensorflow/lite/core/api/flatbuffer_conversions.cc:1201:14:TfLiteStatus tflite::ParseBroadcastArgs(const Operator*, ErrorReporter*, BuiltinDataAllocator*, void**)	0	static
../tensorflow/lite/core/api/flatbuffer_conversions.cc:1209:14:TfLiteStatus tflite::ParseBroadcastTo(const Operator*, ErrorReporter*, BuiltinDataAllocator*, void**)	0	static
../tensorflow/lite/core/api/flatbuffer_conversions.cc:1265:14:TfLiteStatus tflite::ParseCeil(const Operator*, ErrorReporter*, BuiltinDataAllocator*, void**)	0	static
../tensorflow/lite/core/api/flatbuffer_conversions.cc:1354:14:TfLiteStatus tflite::ParseCos(const Operator*, ErrorReporter*, BuiltinDataAllocator*, void**)	0	static
../tensorflow/lite/core/api/flatbuffer_conversions.cc:1423:14:TfLiteStatus tflite::ParseDequantize(const Operator*, ErrorReporter*, BuiltinDataAllocator*, void**)	0	static
../tensorflow/lite/core/api/flatbuffer_conversions.cc:1446:14:TfLiteStatus tflite::ParseElu(const Operator*, ErrorReporter*, BuiltinDataAllocator*, void**)	0	static
../tensorflow/lite/core/api/flatbuffer_conversions.cc:1454:14:TfLiteStatus tflite::ParseEmbeddingLookup(const Operator*, ErrorReporter*, BuiltinDataAllocator*, void**)	0	static
../tensorflow/lite/core/api/flatbuffer_conversions.cc:1462:14:TfLiteStatus tflite::ParseEqual(const Operator*, ErrorReporter*, BuiltinDataAllocator*, void**)	0	static
../tensorflow/lite/core/api/flatbuffer_conversions.cc:1470:14:TfLiteStatus tflite::ParseExp(const Operator*, ErrorReporter*, BuiltinDataAllocator*, void**)	0	static
../tensorflow/lite/core/api/flatbuffer_conversions.cc:1478:14:TfLiteStatus tflite::ParseExpandDims(const Operator*, ErrorReporter*, BuiltinDataAllocator*, void**)	0	static
../tensorflow/lite/core/api/flatbuffer_conversions.cc:1486:14:TfLiteStatus tflite::ParseFill(const Operator*, ErrorReporter*, BuiltinDataAllocator*, void**)	0	static
../tensorflow/lite/core/api/flatbuffer_conversions.cc:1494:14:TfLiteStatus tflite::ParseFloor(const Operator*, ErrorReporter*, BuiltinDataAllocator*, void**)	0	static
../tensorflow/lite/core/api/flatbuffer_conversions.cc:1502:14:TfLiteStatus tflite::ParseFloorDiv(const Operator*, ErrorReporter*, BuiltinDataAllocator*, void**)	0	static
../tensorflow/lite/core/api/flatbuffer_conversions.cc:1510:14:TfLiteStatus tflite::ParseFloorMod(const Operator*, ErrorReporter*, BuiltinDataAllocator*, void**)	0	static
../tensorflow/lite/core/api/flatbuffer_conversions.cc:1587:14:TfLiteStatus tflite::ParseGatherNd(const Operator*, ErrorReporter*, BuiltinDataAllocator*, void**)	0	static
../tensorflow/lite/core/api/flatbuffer_conversions.cc:1595:14:TfLiteStatus tflite::ParseGreater(const Operator*, ErrorReporter*, BuiltinDataAllocator*, void**)	0	static
../tensorflow/lite/core/api/flatbuffer_conversions.cc:1603:14:TfLiteStatus tflite::ParseGreaterEqual(const Operator*, ErrorReporter*, BuiltinDataAllocator*, void**)	0	static
../tensorflow/lite/core/api/flatbuffer_conversions.cc:1611:14:TfLiteStatus tflite::ParseHardSwish(const Operator*, ErrorReporter*, BuiltinDataAllocator*, void**)	0	static
../tensorflow/lite/core/api/flatbuffer_conversions.cc:1686:14:TfLiteStatus tflite::ParseLess(const Operator*, ErrorReporter*, BuiltinDataAllocator*, void**)	0	static
../tensorflow/lite/core/api/flatbuffer_conversions.cc:1694:14:TfLiteStatus tflite::ParseLessEqual(const Operator*, ErrorReporter*, BuiltinDataAllocator*, void**)	0	static
../tensorflow/lite/core/api/flatbuffer_conversions.cc:1702:14:TfLiteStatus tflite::ParseLog(const Operator*, ErrorReporter*, BuiltinDataAllocator*, void**)	0	static
../tensorflow/lite/core/api/flatbuffer_conversions.cc:1710:14:TfLiteStatus tflite::ParseLogicalAnd(const Operator*, ErrorReporter*, BuiltinDataAllocator*, void**)	0	static
../tensorflow/lite/core/api/flatbuffer_conversions.cc:1718:14:TfLiteStatus tflite::ParseLogicalNot(const Operator*, ErrorReporter*, BuiltinDataAllocator*, void**)	0	static
../tensorflow/lite/core/api/flatbuffer_conversions.cc:1726:14:TfLiteStatus tflite::ParseLogicalOr(const Operator*, ErrorReporter*, BuiltinDataAllocator*, void**)	0	static
../tensorflow/lite/core/api/flatbuffer_conversions.cc:1734:14:TfLiteStatus tflite::ParseLogistic(const Operator*, ErrorReporter*, BuiltinDataAllocator*, void**)	0	static
../tensorflow/lite/core/api/flatbuffer_conversions.cc:1742:14:TfLiteStatus tflite::ParseLogSoftmax(const Operator*, ErrorReporter*, BuiltinDataAllocator*, void**)	0	static
../tensorflow/lite/core/api/flatbuffer_conversions.cc:1784:14:TfLiteStatus tflite::ParseMaximum(const Operator*, ErrorReporter*, BuiltinDataAllocator*, void**)	0	static
../tensorflow/lite/core/api/flatbuffer_conversions.cc:1792:14:TfLiteStatus tflite::ParseMinimum(const Operator*, ErrorReporter*, BuiltinDataAllocator*, void**)	0	static
../tensorflow/lite/core/api/flatbuffer_conversions.cc:1850:14:TfLiteStatus tflite::ParseNeg(const Operator*, ErrorReporter*, BuiltinDataAllocator*, void**)	0	static
../tensorflow/lite/core/api/flatbuffer_conversions.cc:1858:14:TfLiteStatus tflite::ParseNotEqual(const Operator*, ErrorReporter*, BuiltinDataAllocator*, void**)	0	static
../tensorflow/lite/core/api/flatbuffer_conversions.cc:1891:14:TfLiteStatus tflite::ParsePad(const Operator*, ErrorReporter*, BuiltinDataAllocator*, void**)	0	static
../tensorflow/lite/core/api/flatbuffer_conversions.cc:1899:14:TfLiteStatus tflite::ParsePadV2(const Operator*, ErrorReporter*, BuiltinDataAllocator*, void**)	0	static
../tensorflow/lite/core/api/flatbuffer_conversions.cc:1937:14:TfLiteStatus tflite::ParsePow(const Operator*, ErrorReporter*, BuiltinDataAllocator*, void**)	0	static
../tensorflow/lite/core/api/flatbuffer_conversions.cc:1945:14:TfLiteStatus tflite::ParsePrelu(const Operator*, ErrorReporter*, BuiltinDataAllocator*, void**)	0	static
../tensorflow/lite/core/api/flatbuffer_conversions.cc:1953:14:TfLiteStatus tflite::ParseQuantize(const Operator*, ErrorReporter*, BuiltinDataAllocator*, void**)	0	static
../tensorflow/lite/core/api/flatbuffer_conversions.cc:1961:14:TfLiteStatus tflite::ParseReadVariable(const Operator*, ErrorReporter*, BuiltinDataAllocator*, void**)	0	static
../tensorflow/lite/core/api/flatbuffer_conversions.cc:1995:14:TfLiteStatus tflite::ParseRelu(const Operator*, ErrorReporter*, BuiltinDataAllocator*, void**)	0	static
../tensorflow/lite/core/api/flatbuffer_conversions.cc:2003:14:TfLiteStatus tflite::ParseRelu6(const Operator*, ErrorReporter*, BuiltinDataAllocator*, void**)	0	static
../tensorflow/lite/core/api/flatbuffer_conversions.cc:2236:14:TfLiteStatus tflite::ParseRound(const Operator*, ErrorReporter*, BuiltinDataAllocator*, void**)	0	static
../tensorflow/lite/core/api/flatbuffer_conversions.cc:2244:14:TfLiteStatus tflite::ParseRsqrt(const Operator*, ErrorReporter*, BuiltinDataAllocator*, void**)	0	static
../tensorflow/lite/core/api/flatbuffer_conversions.cc:2252:14:TfLiteStatus tflite::ParseSelectV2(const Operator*, ErrorReporter*, BuiltinDataAllocator*, void**)	0	static
../tensorflow/lite/core/api/flatbuffer_conversions.cc:2283:14:TfLiteStatus tflite::ParseSin(const Operator*, ErrorReporter*, BuiltinDataAllocator*, void**)	0	static
../tensorflow/lite/core/api/flatbuffer_conversions.cc:2291:14:TfLiteStatus tflite::ParseSlice(const Operator*, ErrorReporter*, BuiltinDataAllocator*, void**)	0	static
../tensorflow/lite/core/api/flatbuffer_conversions.cc:2324:14:TfLiteStatus tflite::ParseSpaceToBatchNd(const Operator*, ErrorReporter*, BuiltinDataAllocator*, void**)	0	static
../tensorflow/lite/core/api/flatbuffer_conversions.cc:2463:14:TfLiteStatus tflite::ParseSqrt(const Operator*, ErrorReporter*, BuiltinDataAllocator*, void**)	0	static
../tensorflow/lite/core/api/flatbuffer_conversions.cc:2471:14:TfLiteStatus tflite::ParseSquare(const Operator*, ErrorReporter*, BuiltinDataAllocator*, void**)	0	static
../tensorflow/lite/core/api/flatbuffer_conversions.cc:2479:14:TfLiteStatus tflite::ParseSquaredDifference(const Operator*, ErrorReporter*, BuiltinDataAllocator*, void**)	0	static
../tensorflow/lite/core/api/flatbuffer_conversions.cc:2571:14:TfLiteStatus tflite::ParseTanh(const Operator*, ErrorReporter*, BuiltinDataAllocator*, void**)	0	static
../tensorflow/lite/core/api/flatbuffer_conversions.cc:2579:14:TfLiteStatus tflite::ParseTranspose(const Operator*, ErrorReporter*, BuiltinDataAllocator*, void**)	0	static
../tensorflow/lite/core/api/flatbuffer_conversions.cc:2700:14:TfLiteStatus tflite::ParseZerosLike(const Operator*, ErrorReporter*, BuiltinDataAllocator*, void**)	0	static
../tensorflow/lite/core/api/flatbuffer_conversions.cc:2708:14:TfLiteStatus tflite::ParseBitwiseXor(const Operator*, ErrorReporter*, BuiltinDataAllocator*, void**)	0	static
../tensorflow/lite/core/api/flatbuffer_conversions.cc:2716:14:TfLiteStatus tflite::ParseRightShift(const Operator*, ErrorReporter*, BuiltinDataAllocator*, void**)	0	static
C:/Users/Kerem/STM32CubeIDE/workspace_1.19.0/HW6/third_party/flatbuffers/include/flatbuffers/table.h:45:26:T flatbuffers::Table::GetField(flatbuffers::voffset_t, T) const [with T = unsigned char]	16	static
C:/Users/Kerem/STM32CubeIDE/workspace_1.19.0/HW6/tensorflow/lite/schema/schema_generated.h:14640:26:tflite::BuiltinOptions tflite::Operator::builtin_options_type() const	8	static
C:/Users/Kerem/STM32CubeIDE/workspace_1.19.0/HW6/tensorflow/lite/schema/schema_generated.h:14920:28:const tflite::IfOptions* tflite::Operator::builtin_options_as_IfOptions() const	8	static
../tensorflow/lite/core/api/flatbuffer_conversions.cc:2008:14:TfLiteStatus tflite::ParseReshape(const Operator*, ErrorReporter*, BuiltinDataAllocator*, void**)	32	static
../tensorflow/lite/core/api/flatbuffer_conversions.cc:2427:14:TfLiteStatus tflite::ParseSqueeze(const Operator*, ErrorReporter*, BuiltinDataAllocator*, void**)	32	static
../tensorflow/lite/core/api/flatbuffer_conversions.cc:2641:14:TfLiteStatus tflite::ParseVarHandle(const Operator*, ErrorReporter*, BuiltinDataAllocator*, void**)	16	static
C:/Users/Kerem/STM32CubeIDE/workspace_1.19.0/HW6/tensorflow/lite/schema/schema_generated.h:14923:31:const tflite::WhileOptions* tflite::Operator::builtin_options_as_WhileOptions() const	8	static
C:/Users/Kerem/STM32CubeIDE/workspace_1.19.0/HW6/tensorflow/lite/schema/schema_generated.h:14986:32:const tflite::RandomOptions* tflite::Operator::builtin_options_as_RandomOptions() const	8	static
../tensorflow/lite/core/api/flatbuffer_conversions.cc:1172:14:TfLiteStatus tflite::ParseBatchMatMul(const Operator*, ErrorReporter*, BuiltinDataAllocator*, void**)	24	static
../tensorflow/lite/core/api/flatbuffer_conversions.cc:1336:14:TfLiteStatus tflite::ParseCumsum(const Operator*, ErrorReporter*, BuiltinDataAllocator*, void**)	24	static
../tensorflow/lite/core/api/flatbuffer_conversions.cc:1966:14:TfLiteStatus tflite::ParseReducer(const Operator*, ErrorReporter*, BuiltinDataAllocator*, void**)	24	static
../tensorflow/lite/core/api/flatbuffer_conversions.cc:2045:14:TfLiteStatus tflite::ParseResizeBilinear(const Operator*, ErrorReporter*, BuiltinDataAllocator*, void**)	24	static
../tensorflow/lite/core/api/flatbuffer_conversions.cc:2072:14:TfLiteStatus tflite::ParseResizeNearestNeighbor(const Operator*, ErrorReporter*, BuiltinDataAllocator*, void**)	24	static
C:/Users/Kerem/STM32CubeIDE/workspace_1.19.0/HW6/tensorflow/lite/schema/schema_generated.h:15043:27:tflite::BuiltinOptions2 tflite::Operator::builtin_options_2_type() const	8	static
C:/Users/Kerem/STM32CubeIDE/workspace_1.19.0/HW6/third_party/flatbuffers/include/flatbuffers/table.h:45:26:T flatbuffers::Table::GetField(flatbuffers::voffset_t, T) const [with T = long int]	16	static
../tensorflow/lite/core/api/flatbuffer_conversions.cc:1214:14:TfLiteStatus tflite::ParseCallOnce(const Operator*, ErrorReporter*, BuiltinDataAllocator*, void**)	24	static
../tensorflow/lite/core/api/flatbuffer_conversions.cc:1359:14:TfLiteStatus tflite::ParseDepthToSpace(const Operator*, ErrorReporter*, BuiltinDataAllocator*, void**)	24	static
../tensorflow/lite/core/api/flatbuffer_conversions.cc:1566:14:TfLiteStatus tflite::ParseGather(const Operator*, ErrorReporter*, BuiltinDataAllocator*, void**)	24	static
../tensorflow/lite/core/api/flatbuffer_conversions.cc:1863:14:TfLiteStatus tflite::ParsePack(const Operator*, ErrorReporter*, BuiltinDataAllocator*, void**)	24	static
../tensorflow/lite/core/api/flatbuffer_conversions.cc:2329:14:TfLiteStatus tflite::ParseSpaceToDepth(const Operator*, ErrorReporter*, BuiltinDataAllocator*, void**)	24	static
../tensorflow/lite/core/api/flatbuffer_conversions.cc:2354:14:TfLiteStatus tflite::ParseSplit(const Operator*, ErrorReporter*, BuiltinDataAllocator*, void**)	24	static
../tensorflow/lite/core/api/flatbuffer_conversions.cc:2378:14:TfLiteStatus tflite::ParseSplitV(const Operator*, ErrorReporter*, BuiltinDataAllocator*, void**)	24	static
../tensorflow/lite/core/api/flatbuffer_conversions.cc:2484:14:TfLiteStatus tflite::ParseStridedSlice(const Operator*, ErrorReporter*, BuiltinDataAllocator*, void**)	16	static
../tensorflow/lite/core/api/flatbuffer_conversions.cc:2616:14:TfLiteStatus tflite::ParseUnpack(const Operator*, ErrorReporter*, BuiltinDataAllocator*, void**)	24	static
C:/Users/Kerem/STM32CubeIDE/workspace_1.19.0/HW6/third_party/flatbuffers/include/flatbuffers/table.h:45:26:T flatbuffers::Table::GetField(flatbuffers::voffset_t, T) const [with T = signed char]	16	static
../tensorflow/lite/core/api/flatbuffer_conversions.cc:1081:14:TfLiteStatus tflite::ParseAdd(const Operator*, ErrorReporter*, BuiltinDataAllocator*, void**)	24	static
../tensorflow/lite/core/api/flatbuffer_conversions.cc:1111:14:TfLiteStatus tflite::ParseArgMax(const Operator*, ErrorReporter*, BuiltinDataAllocator*, void**)	32	static
../tensorflow/lite/core/api/flatbuffer_conversions.cc:1136:14:TfLiteStatus tflite::ParseArgMin(const Operator*, ErrorReporter*, BuiltinDataAllocator*, void**)	32	static
../tensorflow/lite/core/api/flatbuffer_conversions.cc:1244:14:TfLiteStatus tflite::ParseCast(const Operator*, ErrorReporter*, BuiltinDataAllocator*, void**)	32	static
../tensorflow/lite/core/api/flatbuffer_conversions.cc:1270:14:TfLiteStatus tflite::ParseConcatenation(const Operator*, ErrorReporter*, BuiltinDataAllocator*, void**)	24	static
../tensorflow/lite/core/api/flatbuffer_conversions.cc:1299:14:TfLiteStatus tflite::ParseConv2D(const Operator*, ErrorReporter*, BuiltinDataAllocator*, void**)	32	static
../tensorflow/lite/core/api/flatbuffer_conversions.cc:1384:14:TfLiteStatus tflite::ParseDepthwiseConv2D(const Operator*, ErrorReporter*, BuiltinDataAllocator*, void**)	16	static
../tensorflow/lite/core/api/flatbuffer_conversions.cc:1428:14:TfLiteStatus tflite::ParseDiv(const Operator*, ErrorReporter*, BuiltinDataAllocator*, void**)	24	static
../tensorflow/lite/core/api/flatbuffer_conversions.cc:1515:14:TfLiteStatus tflite::ParseFullyConnected(const Operator*, ErrorReporter*, BuiltinDataAllocator*, void**)	32	static
../tensorflow/lite/core/api/flatbuffer_conversions.cc:1640:14:TfLiteStatus tflite::ParseL2Normalization(const Operator*, ErrorReporter*, BuiltinDataAllocator*, void**)	24	static
../tensorflow/lite/core/api/flatbuffer_conversions.cc:1797:14:TfLiteStatus tflite::ParseMirrorPad(const Operator*, ErrorReporter*, BuiltinDataAllocator*, void**)	24	static
../tensorflow/lite/core/api/flatbuffer_conversions.cc:1823:14:TfLiteStatus tflite::ParseMul(const Operator*, ErrorReporter*, BuiltinDataAllocator*, void**)	24	static
../tensorflow/lite/core/api/flatbuffer_conversions.cc:1904:14:TfLiteStatus tflite::ParsePool(const Operator*, ErrorReporter*, BuiltinDataAllocator*, void**)	16	static
../tensorflow/lite/core/api/flatbuffer_conversions.cc:2151:14:TfLiteStatus tflite::ParseStablehloRngBitGenerator(const Operator*, ErrorReporter*, BuiltinDataAllocator*, void**)	24	static
../tensorflow/lite/core/api/flatbuffer_conversions.cc:2257:14:TfLiteStatus tflite::ParseShape(const Operator*, ErrorReporter*, BuiltinDataAllocator*, void**)	32	static
../tensorflow/lite/core/api/flatbuffer_conversions.cc:2516:14:TfLiteStatus tflite::ParseSub(const Operator*, ErrorReporter*, BuiltinDataAllocator*, void**)	24	static
../tensorflow/lite/core/api/flatbuffer_conversions.cc:2541:14:TfLiteStatus tflite::ParseSvdf(const Operator*, ErrorReporter*, BuiltinDataAllocator*, void**)	24	static
../tensorflow/lite/core/api/flatbuffer_conversions.cc:2584:14:TfLiteStatus tflite::ParseTransposeConv(const Operator*, ErrorReporter*, BuiltinDataAllocator*, void**)	24	static
C:/Users/Kerem/STM32CubeIDE/workspace_1.19.0/HW6/third_party/flatbuffers/include/flatbuffers/table.h:45:26:T flatbuffers::Table::GetField(flatbuffers::voffset_t, T) const [with T = float]	16	static
../tensorflow/lite/core/api/flatbuffer_conversions.cc:1667:14:TfLiteStatus tflite::ParseLeakyRelu(const Operator*, ErrorReporter*, BuiltinDataAllocator*, void**)	24	static
../tensorflow/lite/core/api/flatbuffer_conversions.cc:1747:14:TfLiteStatus tflite::ParseLSTM(const Operator*, ErrorReporter*, BuiltinDataAllocator*, void**)	32	static
../tensorflow/lite/core/api/flatbuffer_conversions.cc:2296:14:TfLiteStatus tflite::ParseSoftmax(const Operator*, ErrorReporter*, BuiltinDataAllocator*, void**)	24	static
../tensorflow/lite/core/api/flatbuffer_conversions.cc:2402:14:TfLiteStatus tflite::ParseUnidirectionalSequenceLSTM(const Operator*, ErrorReporter*, BuiltinDataAllocator*, void**)	16	static
C:/Users/Kerem/STM32CubeIDE/workspace_1.19.0/HW6/third_party/flatbuffers/include/flatbuffers/table.h:50:26:P flatbuffers::Table::GetPointer(flatbuffers::voffset_t) [with P = const flatbuffers::Vector<long long int>*]	8	static
../tensorflow/lite/core/api/flatbuffer_conversions.cc:2099:14:TfLiteStatus tflite::ParseStablehloScatter(const Operator*, ErrorReporter*, BuiltinDataAllocator*, void**)	40	static
../tensorflow/lite/core/api/flatbuffer_conversions.cc:2177:14:TfLiteStatus tflite::ParseStablehloGather(const Operator*, ErrorReporter*, BuiltinDataAllocator*, void**)	40	static
C:/Users/Kerem/STM32CubeIDE/workspace_1.19.0/HW6/tensorflow/lite/core/api/flatbuffer_conversions.h:43:6:T* tflite::BuiltinDataAllocator::AllocatePOD() [with T = TfLiteIfParams]	8	static
../tensorflow/lite/core/api/flatbuffer_conversions.cc:1616:14:TfLiteStatus tflite::ParseIf(const Operator*, ErrorReporter*, BuiltinDataAllocator*, void**)	32	static
C:/Users/Kerem/STM32CubeIDE/workspace_1.19.0/HW6/tensorflow/lite/core/api/flatbuffer_conversions.h:43:6:T* tflite::BuiltinDataAllocator::AllocatePOD() [with T = TfLiteWhileParams]	8	static
../tensorflow/lite/core/api/flatbuffer_conversions.cc:2721:14:TfLiteStatus tflite::ParseOpData(const Operator*, BuiltinOperator, ErrorReporter*, BuiltinDataAllocator*, void**)	56	static
../tensorflow/lite/core/api/flatbuffer_conversions.cc:2672:14:TfLiteStatus tflite::ParseWhile(const Operator*, ErrorReporter*, BuiltinDataAllocator*, void**)	32	static
