../Core/Src/main.c:100:6:copy_image	32	static
../Core/Src/main.c:105:6:calc_histogram	32	static
../Core/Src/main.c:113:6:hist_equalize	1328	static
../Core/Src/main.c:136:6:conv3x3	56	static
../Core/Src/main.c:169:6:low_pass_filter	48	static
../Core/Src/main.c:178:6:high_pass_filter	48	static
../Core/Src/main.c:188:13:sort9	32	static
../Core/Src/main.c:200:6:median_filter3x3	64	static
../Core/Src/main.c:230:26:uart_tx	24	static
../Core/Src/main.c:235:26:uart_rx	24	static
../Core/Src/main.c:241:6:SERIAL_SendImage	32	static
../Core/Src/main.c:266:5:main	48	static
../Core/Src/main.c:344:6:SystemClock_Config	88	static
../Core/Src/main.c:392:13:MX_USART2_UART_Init	8	static
../Core/Src/main.c:425:13:MX_GPIO_Init	48	static
../Core/Src/main.c:467:6:Error_Handler	4	static,ignoring_inline_asm
