../tensorflow/lite/micro/kernels/broadcast_to.cc:51:25:tflite::{anonymous}::ValidateOutputTensor(TfLiteContext*, TfLiteTensor*, TfLiteTensor*, TfLiteTensor*)::<lambda(int)>	0	static
C:/Users/Kerem/STM32CubeIDE/workspace_1.19.0/HW6/tensorflow/lite/kernels/internal/runtime_shape.h:67:11:int32_t tflite::RuntimeShape::Dims(int) const	8	static
../tensorflow/lite/micro/kernels/broadcast_to.cc:76:14:TfLiteStatus tflite::{anonymous}::BroadcastToPrepare(TfLiteContext*, TfLiteNode*)	104	static
C:/Users/Kerem/STM32CubeIDE/workspace_1.19.0/HW6/tensorflow/lite/kernels/internal/runtime_shape.h:109:3:tflite::RuntimeShape::RuntimeShape(int, const tflite::RuntimeShape&, int)	24	static
C:/Users/Kerem/STM32CubeIDE/workspace_1.19.0/HW6/tensorflow/lite/kernels/internal/common.h:1056:12:int tflite::SubscriptToIndex(const NdArrayDesc<5>&, int*)	12	static
../tensorflow/lite/micro/kernels/broadcast_to.cc:118:18:TFLMRegistration tflite::Register_BROADCAST_TO()	16	static
C:/Users/Kerem/STM32CubeIDE/workspace_1.19.0/HW6/tensorflow/lite/kernels/internal/common.h:1128:22:void tflite::CopyDimsToDesc(const RuntimeShape&, NdArrayDesc<N>*) [with int N = 5]	24	static
C:/Users/Kerem/STM32CubeIDE/workspace_1.19.0/HW6/tensorflow/lite/kernels/internal/reference/broadcast_to.h:24:6:void tflite::reference_ops::BroadcastImpl(const tflite::NdArrayDesc<N>&, const char*, const tflite::NdArrayDesc<N>&, char*, int*, int, int, int) [with int N = 5]	64	static
C:/Users/Kerem/STM32CubeIDE/workspace_1.19.0/HW6/tensorflow/lite/kernels/internal/reference/broadcast_to.h:62:13:void tflite::reference_ops::BroadcastTo(const tflite::RuntimeShape&, const char*, const tflite::RuntimeShape&, char*, TfLiteType) [with int N = 5]	168	static
../tensorflow/lite/micro/kernels/broadcast_to.cc:105:14:TfLiteStatus tflite::{anonymous}::BroadcastToEval(TfLiteContext*, TfLiteNode*)	80	static
