../tensorflow/lite/micro/kernels/concatenation.cc:65:13:void tflite::{anonymous}::GetShapesPointers(const tflite::RuntimeShape*, size_t, const tflite::RuntimeShape**)	12	static
../tensorflow/lite/micro/kernels/concatenation.cc:106:7:void* tflite::{anonymous}::Init(TfLiteContext*, const char*, size_t)	8	static
../tensorflow/lite/micro/kernels/concatenation.cc:52:13:void tflite::{anonymous}::GetAllInputTensorShapes(const TfLiteContext*, const TfLiteNode*, tflite::RuntimeShape*)	56	static
../tensorflow/lite/micro/kernels/concatenation.cc:111:14:TfLiteStatus tflite::{anonymous}::Prepare(TfLiteContext*, TfLiteNode*)	64	static
C:/Users/Kerem/STM32CubeIDE/workspace_1.19.0/HW6/tensorflow/lite/kernels/internal/runtime_shape.h:67:11:int32_t tflite::RuntimeShape::Dims(int) const	8	static
C:/Users/Kerem/STM32CubeIDE/workspace_1.19.0/HW6/tensorflow/lite/kernels/internal/types.h:264:12:int tflite::MatchingDim(const RuntimeShape&, int, const RuntimeShape&, int)	16	static
../tensorflow/lite/micro/kernels/concatenation.cc:86:6:void tflite::{anonymous}::EvalUnquantized(TfLiteContext*, TfLiteNode*) [with data_type = float]	448	static
../tensorflow/lite/micro/kernels/concatenation.cc:86:6:void tflite::{anonymous}::EvalUnquantized(TfLiteContext*, TfLiteNode*) [with data_type = long int]	448	static
../tensorflow/lite/micro/kernels/concatenation.cc:86:6:void tflite::{anonymous}::EvalUnquantized(TfLiteContext*, TfLiteNode*) [with data_type = signed char]	448	static
../tensorflow/lite/micro/kernels/concatenation.cc:86:6:void tflite::{anonymous}::EvalUnquantized(TfLiteContext*, TfLiteNode*) [with data_type = long long int]	448	static
../tensorflow/lite/micro/kernels/concatenation.cc:86:6:void tflite::{anonymous}::EvalUnquantized(TfLiteContext*, TfLiteNode*) [with data_type = short int]	448	static
../tensorflow/lite/micro/kernels/concatenation.cc:86:6:void tflite::{anonymous}::EvalUnquantized(TfLiteContext*, TfLiteNode*) [with data_type = bool]	448	static
../tensorflow/lite/micro/kernels/concatenation.cc:217:14:TfLiteStatus tflite::{anonymous}::Eval(TfLiteContext*, TfLiteNode*)	24	static
../tensorflow/lite/micro/kernels/concatenation.cc:254:18:TFLMRegistration tflite::Register_CONCATENATION()	16	static
