C:/Users/Kerem/STM32CubeIDE/workspace_1.19.0/HW6/tensorflow/lite/kernels/internal/runtime_shape.h:67:11:int32_t tflite::RuntimeShape::Dims(int) const	8	static
C:/Users/Kerem/STM32CubeIDE/workspace_1.19.0/HW6/tensorflow/lite/kernels/internal/runtime_shape.h:96:7:int tflite::RuntimeShape::FlatSize() const	8	static
C:/Users/Kerem/STM32CubeIDE/workspace_1.19.0/HW6/tensorflow/lite/kernels/internal/runtime_shape.h:133:12:int tflite::Offset(const RuntimeShape&, int, int, int, int)	16	static
C:/Users/Kerem/STM32CubeIDE/workspace_1.19.0/HW6/tensorflow/lite/kernels/internal/types.h:264:12:int tflite::MatchingDim(const RuntimeShape&, int, const RuntimeShape&, int)	16	static
C:/Users/Kerem/STM32CubeIDE/workspace_1.19.0/HW6/tensorflow/lite/kernels/internal/reference/integer_ops/conv.h:26:13:void tflite::reference_integer_ops::ConvPerChannel(const tflite::ConvParams&, const int32_t*, const int32_t*, const tflite::RuntimeShape&, const int8_t*, const tflite::RuntimeShape&, const int8_t*, const tflite::RuntimeShape&, const int32_t*, const tflite::RuntimeShape&, int8_t*)	168	static
../tensorflow/lite/micro/kernels/conv.cc:146:18:TFLMRegistration tflite::Register_CONV_2D()	16	static
C:/Users/Kerem/STM32CubeIDE/workspace_1.19.0/HW6/tensorflow/lite/kernels/internal/reference/integer_ops/conv.h:142:13:void tflite::reference_integer_ops::ConvPerChannel(const tflite::ConvParams&, const int32_t*, const int32_t*, const tflite::RuntimeShape&, const int16_t*, const tflite::RuntimeShape&, const int8_t*, const tflite::RuntimeShape&, const AccumScalar*, const tflite::RuntimeShape&, int16_t*) [with AccumScalar = long int]	160	static
C:/Users/Kerem/STM32CubeIDE/workspace_1.19.0/HW6/tensorflow/lite/kernels/internal/reference/integer_ops/conv.h:142:13:void tflite::reference_integer_ops::ConvPerChannel(const tflite::ConvParams&, const int32_t*, const int32_t*, const tflite::RuntimeShape&, const int16_t*, const tflite::RuntimeShape&, const int8_t*, const tflite::RuntimeShape&, const AccumScalar*, const tflite::RuntimeShape&, int16_t*) [with AccumScalar = long long int]	168	static
../tensorflow/lite/micro/kernels/conv.cc:30:14:TfLiteStatus tflite::{anonymous}::Eval(TfLiteContext*, TfLiteNode*)	1056	static
