C:/Users/Kerem/STM32CubeIDE/workspace_1.19.0/HW6/tensorflow/lite/kernels/kernel_util.h:194:16:int64_t tflite::NumElements(const TfLiteTensor*)	32	static
../tensorflow/lite/micro/kernels/cumsum.cc:107:14:TfLiteStatus tflite::{anonymous}::Prepare(TfLiteContext*, TfLiteNode*)	88	static
C:/Users/Kerem/STM32CubeIDE/workspace_1.19.0/HW6/tensorflow/lite/kernels/internal/runtime_shape.h:67:11:int32_t tflite::RuntimeShape::Dims(int) const	8	static
C:/Users/Kerem/STM32CubeIDE/workspace_1.19.0/HW6/tensorflow/lite/kernels/internal/common.h:354:16:int32_t tflite::MultiplyByQuantizedMultiplierSmallerThanOneExp(int32_t, int32_t, int)	8	static
C:/Users/Kerem/STM32CubeIDE/workspace_1.19.0/HW6/tensorflow/lite/kernels/internal/reference/cumsum.h:87:13:void tflite::reference_ops::CumSum(const tflite::ArithmeticParams&, const int8_t*, const tflite::RuntimeShape&, int32_t, bool, bool, int8_t*)	72	static
../tensorflow/lite/micro/kernels/cumsum.cc:171:18:TFLMRegistration tflite::Register_CUMSUM()	16	static
C:/Users/Kerem/STM32CubeIDE/workspace_1.19.0/HW6/tensorflow/lite/kernels/internal/reference/cumsum.h:29:13:void tflite::reference_ops::CumSum(const T*, const tflite::RuntimeShape&, int32_t, bool, bool, T*) [with T = float]	56	static
../tensorflow/lite/micro/kernels/cumsum.cc:111:14:TfLiteStatus tflite::{anonymous}::Eval(TfLiteContext*, TfLiteNode*)	176	static
