../tensorflow/lite/micro/kernels/dequantize.cc:31:7:void* tflite::DequantizeInit(TfLiteContext*, const char*, size_t)	8	static
C:/Users/Kerem/STM32CubeIDE/workspace_1.19.0/HW6/tensorflow/lite/kernels/internal/types.h:313:12:int tflite::MatchingFlatSize(const RuntimeShape&, const RuntimeShape&)	16	static
../tensorflow/lite/micro/kernels/dequantize.cc:37:14:TfLiteStatus tflite::DequantizeEval(TfLiteContext*, TfLiteNode*)	88	static
../tensorflow/lite/micro/kernels/dequantize.cc:79:18:TFLMRegistration tflite::Register_DEQUANTIZE()	16	static
