C:\ST\STM32CubeIDE_1.19.0\STM32CubeIDE\plugins\com.st.stm32cube.ide.mcu.externaltools.gnu-tools-for-stm32.13.3.rel1.win32_1.0.0.202411081344\tools\bin/../lib/gcc/arm-none-eabi/13.3.1/../../../../arm-none-eabi/include/c++/13.3.1/bits/std_abs.h:75:3:constexpr float std::abs(float)	0	static
../tensorflow/lite/micro/kernels/elementwise.cc:365:37:static constexpr float tflite::{anonymous}::SquareEval(TfLiteContext*, TfLiteNode*)::<lambda(float)>::_FUN(float)	0	static
../tensorflow/lite/micro/kernels/elementwise.cc:234:10:T tflite::{anonymous}::AbsEvalQuantized(TfLiteContext*, TfLiteNode*, T) [with T = short int]	24	static
../tensorflow/lite/micro/kernels/elementwise.cc:234:10:T tflite::{anonymous}::AbsEvalQuantized(TfLiteContext*, TfLiteNode*, T) [with T = signed char]	24	static
../tensorflow/lite/micro/kernels/elementwise.cc:227:7:void* tflite::{anonymous}::ElementWiseAbsRsqrtInit(TfLiteContext*, const char*, size_t)	8	static
C:\ST\STM32CubeIDE_1.19.0\STM32CubeIDE\plugins\com.st.stm32cube.ide.mcu.externaltools.gnu-tools-for-stm32.13.3.rel1.win32_1.0.0.202411081344\tools\bin/../lib/gcc/arm-none-eabi/13.3.1/../../../../arm-none-eabi/include/c++/13.3.1/cmath:400:3:constexpr float std::sin(float)	0	static
C:\ST\STM32CubeIDE_1.19.0\STM32CubeIDE\plugins\com.st.stm32cube.ide.mcu.externaltools.gnu-tools-for-stm32.13.3.rel1.win32_1.0.0.202411081344\tools\bin/../lib/gcc/arm-none-eabi/13.3.1/../../../../arm-none-eabi/include/c++/13.3.1/cmath:177:3:constexpr float std::cos(float)	0	static
C:\ST\STM32CubeIDE_1.19.0\STM32CubeIDE\plugins\com.st.stm32cube.ide.mcu.externaltools.gnu-tools-for-stm32.13.3.rel1.win32_1.0.0.202411081344\tools\bin/../lib/gcc/arm-none-eabi/13.3.1/../../../../arm-none-eabi/include/c++/13.3.1/cmath:322:3:constexpr float std::log(float)	0	static
C:\ST\STM32CubeIDE_1.19.0\STM32CubeIDE\plugins\com.st.stm32cube.ide.mcu.externaltools.gnu-tools-for-stm32.13.3.rel1.win32_1.0.0.202411081344\tools\bin/../lib/gcc/arm-none-eabi/13.3.1/../../../../arm-none-eabi/include/c++/13.3.1/cmath:438:3:constexpr float std::sqrt(float)	0	static
../tensorflow/lite/micro/kernels/elementwise.cc:348:26:static constexpr float tflite::{anonymous}::RsqrtEval(TfLiteContext*, TfLiteNode*)::<lambda(float)>::_FUN(float)	8	static
../tensorflow/lite/micro/kernels/elementwise.cc:283:14:TfLiteStatus tflite::{anonymous}::validate_input_func(TfLiteContext*, TfLiteNode*, T) [with T = signed char]	8	static
../tensorflow/lite/micro/kernels/elementwise.cc:169:21:TfLiteStatus tflite::{anonymous}::EvalImplQuantized(TfLiteContext*, TfLiteNode*, T (*)(TfLiteContext*, TfLiteNode*, T), TfLiteStatus (*)(TfLiteContext*, TfLiteNode*, T), TfLiteType) [with T = signed char]	56	static
../tensorflow/lite/micro/kernels/elementwise.cc:169:21:TfLiteStatus tflite::{anonymous}::EvalImplQuantized(TfLiteContext*, TfLiteNode*, T (*)(TfLiteContext*, TfLiteNode*, T), TfLiteStatus (*)(TfLiteContext*, TfLiteNode*, T), TfLiteType) [with T = short int]	56	static
../tensorflow/lite/micro/kernels/elementwise.cc:196:21:TfLiteStatus tflite::{anonymous}::EvalImpl(TfLiteContext*, TfLiteNode*, T (*)(T), TfLiteStatus (*)(T), TfLiteType) [with T = float]	40	static
../tensorflow/lite/micro/kernels/elementwise.cc:342:14:TfLiteStatus tflite::{anonymous}::RsqrtEval(TfLiteContext*, TfLiteNode*)	8	static
../tensorflow/lite/micro/kernels/elementwise.cc:214:21:TfLiteStatus tflite::{anonymous}::EvalNumeric(TfLiteContext*, TfLiteNode*, float (*)(float))	0	static
../tensorflow/lite/micro/kernels/elementwise.cc:326:14:TfLiteStatus tflite::{anonymous}::SinEval(TfLiteContext*, TfLiteNode*)	0	static
../tensorflow/lite/micro/kernels/elementwise.cc:330:14:TfLiteStatus tflite::{anonymous}::CosEval(TfLiteContext*, TfLiteNode*)	0	static
../tensorflow/lite/micro/kernels/elementwise.cc:334:14:TfLiteStatus tflite::{anonymous}::LogEval(TfLiteContext*, TfLiteNode*)	0	static
../tensorflow/lite/micro/kernels/elementwise.cc:338:14:TfLiteStatus tflite::{anonymous}::SqrtEval(TfLiteContext*, TfLiteNode*)	0	static
../tensorflow/lite/micro/kernels/elementwise.cc:364:14:TfLiteStatus tflite::{anonymous}::SquareEval(TfLiteContext*, TfLiteNode*)	0	static
../tensorflow/lite/micro/kernels/elementwise.cc:103:14:TfLiteStatus tflite::{anonymous}::PrepareAbsRsqrt(TfLiteContext*, TfLiteNode*) [with bool (* <anonymous>)(TfLiteType) = IsRsqrtSupportedType; int op_nameid = 1]	48	static
../tensorflow/lite/micro/kernels/elementwise.cc:368:14:TfLiteStatus tflite::{anonymous}::LogicalNotEval(TfLiteContext*, TfLiteNode*)	32	static
../tensorflow/lite/micro/kernels/elementwise.cc:292:14:TfLiteStatus tflite::{anonymous}::AbsEval(TfLiteContext*, TfLiteNode*)	40	static
../tensorflow/lite/micro/kernels/elementwise.cc:283:14:TfLiteStatus tflite::{anonymous}::validate_input_func(TfLiteContext*, TfLiteNode*, T) [with T = short int]	8	static
../tensorflow/lite/micro/kernels/elementwise.cc:103:14:TfLiteStatus tflite::{anonymous}::PrepareAbsRsqrt(TfLiteContext*, TfLiteNode*) [with bool (* <anonymous>)(TfLiteType) = IsAbsSupportedType; int op_nameid = 0]	40	static
../tensorflow/lite/micro/kernels/elementwise.cc:79:14:TfLiteStatus tflite::{anonymous}::GenericPrepare(TfLiteContext*, TfLiteNode*) [with bool (* <anonymous>)(TfLiteType) = IsNumericSupportedType]	40	static
../tensorflow/lite/micro/kernels/elementwise.cc:79:14:TfLiteStatus tflite::{anonymous}::GenericPrepare(TfLiteContext*, TfLiteNode*) [with bool (* <anonymous>)(TfLiteType) = IsLogicalSupportedType]	0	static
C:/Users/Kerem/STM32CubeIDE/workspace_1.19.0/HW6/third_party/gemmlowp/fixedpoint/fixedpoint.h:329:21:IntegerType gemmlowp::SaturatingRoundingDoublingHighMul(IntegerType, IntegerType) [with IntegerType = long int]	0	static
C:/Users/Kerem/STM32CubeIDE/workspace_1.19.0/HW6/tensorflow/lite/kernels/internal/common.h:961:13:void tflite::GetInvSqrtQuantizedMultiplierExp(int32_t, int, int32_t*, int*)	40	static
../tensorflow/lite/micro/kernels/elementwise.cc:256:10:T tflite::{anonymous}::RsqrtEvalQuantized(TfLiteContext*, TfLiteNode*, T) [with T = short int]	32	static
../tensorflow/lite/micro/kernels/elementwise.cc:256:10:T tflite::{anonymous}::RsqrtEvalQuantized(TfLiteContext*, TfLiteNode*, T) [with T = signed char]	32	static
../tensorflow/lite/micro/kernels/elementwise.cc:374:18:TFLMRegistration tflite::Register_ABS()	16	static
../tensorflow/lite/micro/kernels/elementwise.cc:380:18:TFLMRegistration tflite::Register_SIN()	16	static
../tensorflow/lite/micro/kernels/elementwise.cc:385:18:TFLMRegistration tflite::Register_COS()	16	static
../tensorflow/lite/micro/kernels/elementwise.cc:390:18:TFLMRegistration tflite::Register_LOG()	16	static
../tensorflow/lite/micro/kernels/elementwise.cc:395:18:TFLMRegistration tflite::Register_SQRT()	16	static
../tensorflow/lite/micro/kernels/elementwise.cc:400:18:TFLMRegistration tflite::Register_RSQRT()	16	static
../tensorflow/lite/micro/kernels/elementwise.cc:406:18:TFLMRegistration tflite::Register_SQUARE()	16	static
../tensorflow/lite/micro/kernels/elementwise.cc:411:18:TFLMRegistration tflite::Register_LOGICAL_NOT()	16	static
