../tensorflow/lite/micro/kernels/elu.cc:108:7:void* tflite::{anonymous}::EluInit(TfLiteContext*, const char*, size_t)	8	static
../tensorflow/lite/micro/kernels/elu.cc:116:14:TfLiteStatus tflite::{anonymous}::EluPrepare(TfLiteContext*, TfLiteNode*)	56	static
C:/Users/Kerem/STM32CubeIDE/workspace_1.19.0/HW6/tensorflow/lite/kernels/internal/types.h:313:12:int tflite::MatchingFlatSize(const RuntimeShape&, const RuntimeShape&)	16	static
../tensorflow/lite/micro/kernels/elu.cc:120:14:TfLiteStatus tflite::{anonymous}::EluEval(TfLiteContext*, TfLiteNode*)	80	static
../tensorflow/lite/micro/kernels/elu.cc:147:18:TFLMRegistration tflite::Register_ELU()	16	static
