../tensorflow/lite/micro/kernels/fill.cc:67:14:TfLiteStatus tflite::{anonymous}::Prepare(TfLiteContext*, TfLiteNode*)	56	static
C:/Users/Kerem/STM32CubeIDE/workspace_1.19.0/HW6/tensorflow/lite/kernels/internal/runtime_shape.h:96:7:int tflite::RuntimeShape::FlatSize() const	8	static
../tensorflow/lite/micro/kernels/fill.cc:110:14:TfLiteStatus tflite::{anonymous}::Eval(TfLiteContext*, TfLiteNode*)	184	static
../tensorflow/lite/micro/kernels/fill.cc:136:18:TFLMRegistration tflite::Register_FILL()	16	static
