C:/Users/Kerem/STM32CubeIDE/workspace_1.19.0/HW6/tensorflow/lite/kernels/internal/runtime_shape.h:67:11:int32_t tflite::RuntimeShape::Dims(int) const	8	static
C:/Users/Kerem/STM32CubeIDE/workspace_1.19.0/HW6/tensorflow/lite/kernels/internal/runtime_shape.h:96:7:int tflite::RuntimeShape::FlatSize() const	8	static
C:/Users/Kerem/STM32CubeIDE/workspace_1.19.0/HW6/tensorflow/lite/kernels/internal/runtime_shape.h:109:3:tflite::RuntimeShape::RuntimeShape(int, const tflite::RuntimeShape&, int)	24	static
C:/Users/Kerem/STM32CubeIDE/workspace_1.19.0/HW6/tensorflow/lite/kernels/internal/types.h:300:12:int tflite::MatchingElementsSize(const RuntimeShape&, const RuntimeShape&, const RuntimeShape&)	16	static
C:/Users/Kerem/STM32CubeIDE/workspace_1.19.0/HW6/tensorflow/lite/kernels/internal/types.h:400:12:int tflite::MatchingExtendedShapeFlatSize(const RuntimeShape&, const RuntimeShape&)	32	static
C:/Users/Kerem/STM32CubeIDE/workspace_1.19.0/HW6/tensorflow/lite/kernels/internal/types.h:419:12:int tflite::MatchingExtendedShapeFlatSize(const RuntimeShape&, const RuntimeShape&, const RuntimeShape&)	16	static
C:/Users/Kerem/STM32CubeIDE/workspace_1.19.0/HW6/tensorflow/lite/kernels/internal/reference/process_broadcast_shapes.h:40:13:bool tflite::reference_ops::ProcessBroadcastShapes(const tflite::RuntimeShape&, const tflite::RuntimeShape&, tflite::ArithmeticParams*)	88	static
../tensorflow/lite/micro/kernels/mul_common.cc:33:7:void* tflite::MulInit(TfLiteContext*, const char*, size_t)	8	static
../tensorflow/lite/micro/kernels/mul_common.cc:38:14:TfLiteStatus tflite::CalculateOpDataMul(TfLiteContext*, TfLiteNode*, TfLiteMulParams*, OpDataMul*)	72	static
../tensorflow/lite/micro/kernels/mul_common.cc:92:14:TfLiteStatus tflite::MulPrepare(TfLiteContext*, TfLiteNode*)	8	static
C:/Users/Kerem/STM32CubeIDE/workspace_1.19.0/HW6/tensorflow/lite/kernels/internal/common.h:1128:22:void tflite::CopyDimsToDesc(const RuntimeShape&, NdArrayDesc<N>*) [with int N = 6]	24	static
C:/Users/Kerem/STM32CubeIDE/workspace_1.19.0/HW6/tensorflow/lite/kernels/internal/common.h:1139:13:void tflite::NdArrayDescsForElementwiseBroadcast(const RuntimeShape&, const RuntimeShape&, NdArrayDesc<N>*, NdArrayDesc<N>*) [with int N = 6]	88	static
C:/Users/Kerem/STM32CubeIDE/workspace_1.19.0/HW6/tensorflow/lite/kernels/internal/reference/integer_ops/mul.h:94:13:void tflite::reference_integer_ops::BroadcastMul6DSlow(const tflite::ArithmeticParams&, const tflite::RuntimeShape&, const T*, const tflite::RuntimeShape&, const T*, const tflite::RuntimeShape&, T*) [with T = signed char]	288	static
C:/Users/Kerem/STM32CubeIDE/workspace_1.19.0/HW6/tensorflow/lite/kernels/internal/reference/integer_ops/mul.h:94:13:void tflite::reference_integer_ops::BroadcastMul6DSlow(const tflite::ArithmeticParams&, const tflite::RuntimeShape&, const T*, const tflite::RuntimeShape&, const T*, const tflite::RuntimeShape&, T*) [with T = short int]	288	static
C:/Users/Kerem/STM32CubeIDE/workspace_1.19.0/HW6/tensorflow/lite/kernels/internal/reference/mul.h:95:6:void tflite::reference_ops::BroadcastMulRecursiveDimensions(const tflite::ArithmeticParams&, int, const T*, const T*, T*, size_t*, size_t*, size_t*, const tflite::NdArrayDesc<6>&, const tflite::NdArrayDesc<6>&, const int32_t*, F) [with T = long int; F = BroadcastMul6DSlow<long int>(const tflite::ArithmeticParams&, const tflite::RuntimeShape&, const long int*, const tflite::RuntimeShape&, const long int*, const tflite::RuntimeShape&, long int*)::<lambda(const tflite::ArithmeticParams&, long int, long int)>]	88	static
../tensorflow/lite/micro/kernels/mul_common.cc:102:14:TfLiteStatus tflite::EvalMulQuantizedReference(TfLiteContext*, TfLiteNode*, const OpDataMul*, const TfLiteEvalTensor*, const TfLiteEvalTensor*, TfLiteEvalTensor*)	720	static
C:/Users/Kerem/STM32CubeIDE/workspace_1.19.0/HW6/tensorflow/lite/kernels/internal/reference/mul.h:95:6:void tflite::reference_ops::BroadcastMulRecursiveDimensions(const tflite::ArithmeticParams&, int, const T*, const T*, T*, size_t*, size_t*, size_t*, const tflite::NdArrayDesc<6>&, const tflite::NdArrayDesc<6>&, const int32_t*, F) [with T = float; F = BroadcastMul6DSlow<float>(const tflite::ArithmeticParams&, const tflite::RuntimeShape&, const float*, const tflite::RuntimeShape&, const float*, const tflite::RuntimeShape&, float*)::<lambda(const tflite::ArithmeticParams&, float, float)>]	96	static
../tensorflow/lite/micro/kernels/mul_common.cc:182:6:void tflite::EvalMulFloatReference(TfLiteContext*, TfLiteNode*, TfLiteMulParams*, const OpDataMul*, const TfLiteEvalTensor*, const TfLiteEvalTensor*, TfLiteEvalTensor*)	424	static
