../tensorflow/lite/micro/kernels/select.cc:38:7:void* tflite::{anonymous}::SelectInit(TfLiteContext*, const char*, size_t)	8	static
../tensorflow/lite/micro/kernels/select.cc:147:14:TfLiteStatus tflite::{anonymous}::SelectEval(TfLiteContext*, TfLiteNode*)	384	static
C:/Users/Kerem/STM32CubeIDE/workspace_1.19.0/HW6/tensorflow/lite/kernels/internal/runtime_shape.h:67:11:int32_t tflite::RuntimeShape::Dims(int) const	8	static
C:/Users/Kerem/STM32CubeIDE/workspace_1.19.0/HW6/tensorflow/lite/kernels/internal/runtime_shape.h:96:7:int tflite::RuntimeShape::FlatSize() const	8	static
../tensorflow/lite/micro/kernels/select.cc:75:14:TfLiteStatus tflite::{anonymous}::SelectPrepare(TfLiteContext*, TfLiteNode*)	200	static
C:/Users/Kerem/STM32CubeIDE/workspace_1.19.0/HW6/tensorflow/lite/kernels/internal/runtime_shape.h:109:3:tflite::RuntimeShape::RuntimeShape(int, const tflite::RuntimeShape&, int)	24	static
C:/Users/Kerem/STM32CubeIDE/workspace_1.19.0/HW6/tensorflow/lite/kernels/internal/types.h:334:12:int tflite::MatchingFlatSize(const RuntimeShape&, const RuntimeShape&, const RuntimeShape&, const RuntimeShape&)	32	static
C:/Users/Kerem/STM32CubeIDE/workspace_1.19.0/HW6/tensorflow/lite/kernels/internal/reference/select.h:28:6:void tflite::reference_ops::Select(const tflite::RuntimeShape&, const D*, const tflite::RuntimeShape&, const T*, const tflite::RuntimeShape&, const T*, const tflite::RuntimeShape&, T*) [with D = bool; T = float]	32	static
C:/Users/Kerem/STM32CubeIDE/workspace_1.19.0/HW6/tensorflow/lite/kernels/internal/reference/select.h:28:6:void tflite::reference_ops::Select(const tflite::RuntimeShape&, const D*, const tflite::RuntimeShape&, const T*, const tflite::RuntimeShape&, const T*, const tflite::RuntimeShape&, T*) [with D = bool; T = signed char]	32	static
C:/Users/Kerem/STM32CubeIDE/workspace_1.19.0/HW6/tensorflow/lite/kernels/internal/reference/select.h:28:6:void tflite::reference_ops::Select(const tflite::RuntimeShape&, const D*, const tflite::RuntimeShape&, const T*, const tflite::RuntimeShape&, const T*, const tflite::RuntimeShape&, T*) [with D = bool; T = short int]	32	static
../tensorflow/lite/micro/kernels/select.cc:191:18:TFLMRegistration tflite::Register_SELECT_V2()	16	static
C:/Users/Kerem/STM32CubeIDE/workspace_1.19.0/HW6/tensorflow/lite/kernels/internal/common.h:1128:22:void tflite::CopyDimsToDesc(const RuntimeShape&, NdArrayDesc<N>*) [with int N = 5]	24	static
C:/Users/Kerem/STM32CubeIDE/workspace_1.19.0/HW6/tensorflow/lite/kernels/internal/common.h:1172:13:void tflite::NdArrayDescsForElementwiseBroadcast(const RuntimeShape&, const RuntimeShape&, const RuntimeShape&, NdArrayDesc<N>*, NdArrayDesc<N>*, NdArrayDesc<N>*) [with int N = 5]	120	static
C:/Users/Kerem/STM32CubeIDE/workspace_1.19.0/HW6/tensorflow/lite/kernels/internal/reference/select.h:78:6:void tflite::reference_ops::BroadcastSelect5DSlow(const tflite::RuntimeShape&, const D*, const tflite::RuntimeShape&, const T*, const tflite::RuntimeShape&, const T*, const tflite::RuntimeShape&, T*) [with D = bool; T = float]	392	static
C:/Users/Kerem/STM32CubeIDE/workspace_1.19.0/HW6/tensorflow/lite/kernels/internal/reference/select.h:78:6:void tflite::reference_ops::BroadcastSelect5DSlow(const tflite::RuntimeShape&, const D*, const tflite::RuntimeShape&, const T*, const tflite::RuntimeShape&, const T*, const tflite::RuntimeShape&, T*) [with D = bool; T = signed char]	392	static
C:/Users/Kerem/STM32CubeIDE/workspace_1.19.0/HW6/tensorflow/lite/kernels/internal/reference/select.h:78:6:void tflite::reference_ops::BroadcastSelect5DSlow(const tflite::RuntimeShape&, const D*, const tflite::RuntimeShape&, const T*, const tflite::RuntimeShape&, const T*, const tflite::RuntimeShape&, T*) [with D = bool; T = short int]	392	static
