C:/Users/Kerem/STM32CubeIDE/workspace_1.19.0/HW6/tensorflow/lite/kernels/kernel_util.h:194:16:int64_t tflite::NumElements(const TfLiteTensor*)	32	static
../tensorflow/lite/micro/kernels/slice.cc:47:14:TfLiteStatus tflite::{anonymous}::Prepare(TfLiteContext*, TfLiteNode*)	56	static
C:/Users/Kerem/STM32CubeIDE/workspace_1.19.0/HW6/tensorflow/lite/kernels/internal/runtime_shape.h:67:11:int32_t tflite::RuntimeShape::Dims(int) const	8	static
C:/Users/Kerem/STM32CubeIDE/workspace_1.19.0/HW6/tensorflow/lite/kernels/internal/runtime_shape.h:109:3:tflite::RuntimeShape::RuntimeShape(int, const tflite::RuntimeShape&, int)	24	static
C:/Users/Kerem/STM32CubeIDE/workspace_1.19.0/HW6/tensorflow/lite/kernels/internal/runtime_shape.h:147:12:int tflite::Offset(const RuntimeShape&, int, int, int, int, int)	24	static
../tensorflow/lite/micro/kernels/slice.cc:84:14:TfLiteStatus tflite::{anonymous}::Eval(TfLiteContext*, TfLiteNode*)	448	static
../tensorflow/lite/micro/kernels/slice.cc:160:18:TFLMRegistration tflite::Register_SLICE()	16	static
