C:/Users/Kerem/STM32CubeIDE/workspace_1.19.0/HW6/tensorflow/lite/kernels/internal/runtime_shape.h:67:11:int32_t tflite::RuntimeShape::Dims(int) const	8	static
C:/Users/Kerem/STM32CubeIDE/workspace_1.19.0/HW6/tensorflow/lite/kernels/internal/types.h:264:12:int tflite::MatchingDim(const RuntimeShape&, int, const RuntimeShape&, int)	16	static
C:/Users/Kerem/STM32CubeIDE/workspace_1.19.0/HW6/tensorflow/lite/kernels/internal/types.h:531:12:int tflite::MatchingFlatSizeSkipDim(const RuntimeShape&, int, const RuntimeShape&)	32	static
C:/Users/Kerem/STM32CubeIDE/workspace_1.19.0/HW6/third_party/gemmlowp/fixedpoint/fixedpoint.h:329:21:IntegerType gemmlowp::SaturatingRoundingDoublingHighMul(IntegerType, IntegerType) [with IntegerType = long int]	0	static
C:/Users/Kerem/STM32CubeIDE/workspace_1.19.0/HW6/tensorflow/lite/kernels/internal/common.h:646:16:int16_t tflite::LUTLookup(int16_t, const int16_t*)	0	static
C:/Users/Kerem/STM32CubeIDE/workspace_1.19.0/HW6/tensorflow/lite/kernels/internal/reference/softmax.h:31:13:void tflite::reference_ops::Softmax(const tflite::SoftmaxParams&, const tflite::RuntimeShape&, const float*, const tflite::RuntimeShape&, float*)	72	static
C:/Users/Kerem/STM32CubeIDE/workspace_1.19.0/HW6/tensorflow/lite/kernels/internal/reference/softmax.h:166:13:void tflite::reference_ops::SoftmaxInt16(const tflite::SoftmaxParams&, const tflite::RuntimeShape&, const int16_t*, const tflite::RuntimeShape&, int16_t*)	104	static
../tensorflow/lite/micro/kernels/softmax.cc:86:18:TFLMRegistration tflite::Register_SOFTMAX()	16	static
C:/Users/Kerem/STM32CubeIDE/workspace_1.19.0/HW6/third_party/gemmlowp/fixedpoint/fixedpoint.h:357:20:IntegerType gemmlowp::RoundingDivideByPOT(IntegerType, int) [with IntegerType = long int]	8	static
C:/Users/Kerem/STM32CubeIDE/workspace_1.19.0/HW6/third_party/gemmlowp/fixedpoint/fixedpoint.h:842:25:gemmlowp::FixedPoint<tRawType, 0> gemmlowp::one_over_one_plus_x_for_x_in_0_1(FixedPoint<tRawType, 0>) [with tRawType = long int]	16	static
C:/Users/Kerem/STM32CubeIDE/workspace_1.19.0/HW6/tensorflow/lite/kernels/internal/common.h:944:16:int32_t tflite::GetReciprocal(int32_t, int, int*)	8	static
C:/Users/Kerem/STM32CubeIDE/workspace_1.19.0/HW6/third_party/gemmlowp/fixedpoint/fixedpoint.h:687:47:typename FixedPointType::ScalarRawType gemmlowp::RescaleConstantInitializer(int32_t) [with FixedPointType = FixedPoint<long int, 0>]	8	static
C:/Users/Kerem/STM32CubeIDE/workspace_1.19.0/HW6/third_party/gemmlowp/fixedpoint/fixedpoint.h:539:55:gemmlowp::FixedPoint<tRawType, (tIntegerBits_a + tIntegerBits_b)> gemmlowp::operator*(FixedPoint<tRawType, tIntegerBits_a>, FixedPoint<tRawType, tIntegerBits_b>) [with tRawType = long int; int tIntegerBits_a = 0; int tIntegerBits_b = 0]	8	static
C:/Users/Kerem/STM32CubeIDE/workspace_1.19.0/HW6/third_party/gemmlowp/fixedpoint/fixedpoint.h:721:25:gemmlowp::FixedPoint<tRawType, 0> gemmlowp::exp_on_interval_between_negative_one_quarter_and_0_excl(FixedPoint<tRawType, 0>) [with tRawType = long int]	24	static
C:/Users/Kerem/STM32CubeIDE/workspace_1.19.0/HW6/third_party/gemmlowp/fixedpoint/fixedpoint.h:746:25:gemmlowp::FixedPoint<tRawType, 0> gemmlowp::exp_on_negative_values(FixedPoint<tRawType, tIntegerBits_a>) [with tRawType = long int; int tIntegerBits = 5]	24	static
C:/Users/Kerem/STM32CubeIDE/workspace_1.19.0/HW6/tensorflow/lite/kernels/internal/reference/softmax.h:68:13:void tflite::reference_ops::Softmax(const tflite::SoftmaxParams&, const tflite::RuntimeShape&, const InputT*, const tflite::RuntimeShape&, OutputT*) [with InputT = signed char; OutputT = short int]	88	static
C:/Users/Kerem/STM32CubeIDE/workspace_1.19.0/HW6/tensorflow/lite/kernels/internal/reference/softmax.h:68:13:void tflite::reference_ops::Softmax(const tflite::SoftmaxParams&, const tflite::RuntimeShape&, const InputT*, const tflite::RuntimeShape&, OutputT*) [with InputT = signed char; OutputT = signed char]	88	static
../tensorflow/lite/micro/kernels/softmax.cc:57:14:TfLiteStatus tflite::{anonymous}::SoftmaxEval(TfLiteContext*, TfLiteNode*)	200	static
