../tensorflow/lite/micro/kernels/space_to_batch_nd.cc:42:7:void* tflite::{anonymous}::Init(TfLiteContext*, const char*, size_t)	8	static
../tensorflow/lite/micro/kernels/space_to_batch_nd.cc:47:14:TfLiteStatus tflite::{anonymous}::Prepare(TfLiteContext*, TfLiteNode*)	40	static
C:/Users/Kerem/STM32CubeIDE/workspace_1.19.0/HW6/tensorflow/lite/kernels/internal/runtime_shape.h:133:12:int tflite::Offset(const RuntimeShape&, int, int, int, int)	16	static
C:/Users/Kerem/STM32CubeIDE/workspace_1.19.0/HW6/tensorflow/lite/kernels/internal/reference/space_to_batch_nd.h:28:21:tflite::RuntimeShape tflite::reference_ops::ExtendShapeSpaceToBatch(const tflite::RuntimeShape&)	48	static
../tensorflow/lite/micro/kernels/space_to_batch_nd.cc:70:14:TfLiteStatus tflite::{anonymous}::Eval(TfLiteContext*, TfLiteNode*)	448	static
../tensorflow/lite/micro/kernels/space_to_batch_nd.cc:117:18:TFLMRegistration tflite::Register_SPACE_TO_BATCH_ND()	16	static
