../tensorflow/lite/micro/kernels/transpose.cc:49:14:TfLiteStatus tflite::{anonymous}::Prepare(TfLiteContext*, TfLiteNode*)	48	static
C:/Users/Kerem/STM32CubeIDE/workspace_1.19.0/HW6/tensorflow/lite/kernels/internal/reference/transpose.h:160:13:void tflite::reference_ops::transpose_internal::SetupTransposeStrides(std::array<int, 6>&, const int32_t*, int)	8	static
../tensorflow/lite/micro/kernels/transpose.cc:119:18:TFLMRegistration tflite::Register_TRANSPOSE()	16	static
C:/Users/Kerem/STM32CubeIDE/workspace_1.19.0/HW6/tensorflow/lite/kernels/internal/reference/transpose.h:97:6:void tflite::reference_ops::transpose_internal::TransposeImpl(int, int, const int32_t*, const T*, const int*, T*, const int*, const int32_t*) [with T = long int]	64	static
C:/Users/Kerem/STM32CubeIDE/workspace_1.19.0/HW6/tensorflow/lite/kernels/internal/reference/transpose.h:97:6:void tflite::reference_ops::transpose_internal::TransposeImpl(int, int, const int32_t*, const T*, const int*, T*, const int*, const int32_t*) [with T = signed char]	64	static
../tensorflow/lite/micro/kernels/transpose.cc:75:14:TfLiteStatus tflite::{anonymous}::Eval(TfLiteContext*, TfLiteNode*)	192	static
